// Jest Snapshot v1, https://goo.gl/fbAQLP

exports[`if leaderboard row prints right data from props 1`] = `
<div
  className="row"
>
  <div
    className="col-sm p-1 LeaderboardRow-cell-0-1-3"
  >
    <a
      aria-current={null}
      className="LeaderboardRow-pseudo-0-1-2"
      href="/leaderboard/0/"
      onClick={[Function]}
    >
      John
    </a>
  </div>
  <div
    className="col-sm p-1 LeaderboardRow-cell-0-1-3"
  >
    <div
      className="GrowingBar-wrapper-0-1-5 LeaderboardRow-bar-0-1-1"
    >
      <div
        className="m-1 GrowingBar-growingBar-0-1-4"
        style={
          Object {
            "backgroundColor": "#ff2a2a",
            "width": 0,
          }
        }
      />
      <div
        style={
          Object {
            "color": "#ff2a2a",
            "fontWeight": "bold",
          }
        }
      >
        0
         %
      </div>
    </div>
  </div>
  <div
    className="col-sm p-1 LeaderboardRow-cell-0-1-3"
    data-test-class="numberOfGamesCell"
  >
    1
  </div>
</div>
`;
