// Jest Snapshot v1, https://goo.gl/fbAQLP

exports[`if leaderboard and prints data from prop 1`] = `
<div
  className="m-4 w-75 mx-auto"
>
  <br />
  <div
    className="m-3 PitchTitle-pitchTitle-0-1-1 text-center"
  >
    Leaderboard
  </div>
  <br />
  <div
    className="container"
  >
    <div
      className="row"
    >
      <div
        className="col-sm p-1"
      >
        Pseudo
      </div>
      <div
        className="col-sm p-1"
      >
        Best average score
      </div>
      <div
        className="col-sm p-1"
      >
        Number of games
      </div>
    </div>
    <div
      className="row"
    >
      <div
        className="col-sm p-1"
      >
        <a
          aria-current={null}
          href="/leaderboard/?player_id=0"
          onClick={[Function]}
        >
          John
        </a>
      </div>
      <div
        className="col-sm p-1"
      >
        <div
          className="GrowingBar-wrapper-0-1-3"
        >
          <div
            className="m-1 GrowingBar-growingBar-0-1-2"
            style={
              Object {
                "backgroundColor": "#ff2a2a",
                "width": 0,
              }
            }
          />
          <div
            style={
              Object {
                "color": "#ff2a2a",
                "fontWeight": "bold",
              }
            }
          >
            0
             %
          </div>
        </div>
      </div>
      <div
        className="col-sm p-1"
      >
        1
      </div>
    </div>
    <div
      className="row"
    >
      <div
        className="col-sm p-1"
      >
        <a
          aria-current={null}
          href="/leaderboard/?player_id=1"
          onClick={[Function]}
        >
          Ann
        </a>
      </div>
      <div
        className="col-sm p-1"
      >
        <div
          className="GrowingBar-wrapper-0-1-3"
        >
          <div
            className="m-1 GrowingBar-growingBar-0-1-2"
            style={
              Object {
                "backgroundColor": "#ff2a2a",
                "width": 0,
              }
            }
          />
          <div
            style={
              Object {
                "color": "#ff2a2a",
                "fontWeight": "bold",
              }
            }
          >
            0
             %
          </div>
        </div>
      </div>
      <div
        className="col-sm p-1"
      >
        1
      </div>
    </div>
  </div>
  <br />
  <br />
  <br />
  <input
    onChange={[Function]}
    placeholder="Search pseudo"
    type="text"
    value=""
  />
  <p>
    Click on a pseudo to see score details.
  </p>
</div>
`;
